// Jest Snapshot v1, https://goo.gl/fbAQLP

exports[`<Lander /> Renderer matches snapshot 1`] = `
<RNSVGSvgView
  bbHeight={40}
  bbWidth={40}
  focusable={false}
  height={40}
  style={
    [
      {
        "backgroundColor": "transparent",
        "borderWidth": 0,
      },
      [
        {
          "position": "absolute",
        },
        {
          "left": 130,
          "top": 230,
        },
      ],
      {
        "flex": 0,
        "height": 40,
        "width": 40,
      },
    ]
  }
  width={40}
>
  <RNSVGGroup
    fill={
      {
        "payload": 4278190080,
        "type": 0,
      }
    }
  >
    <RNSVGGroup
      fill={
        {
          "payload": 4278190080,
          "type": 0,
        }
      }
      matrix={
        [
          0.7071067811865476,
          0.7071067811865475,
          -0.7071067811865475,
          0.7071067811865476,
          40,
          11.715728752538098,
        ]
      }
    >
      <RNSVGPath
        d="M0 -20 -20 20 20 20z"
        fill={
          {
            "payload": 4289583334,
            "type": 0,
          }
        }
        propList={
          [
            "fill",
            "stroke",
            "strokeWidth",
          ]
        }
        stroke={
          {
            "payload": 4294967295,
            "type": 0,
          }
        }
        strokeWidth="1"
      />
    </RNSVGGroup>
  </RNSVGGroup>
</RNSVGSvgView>
`;
